// Jest Snapshot v1, https://goo.gl/fbAQLP

exports[`test in <LoginScreen /> when is called should be displayed correctly LoginScreen 1`] = `
<div
  className="container mt-5"
>
  <h2>
    Login
  </h2>
  <hr />
  <button
    className="btn btn-primary"
    onClick={[Function]}
  >
    login
  </button>
</div>
`;
